<html>
<body>
<pre>
<h1>µVision Build Log</h1>
<h2>Project:</h2>
C:\Users\hp\Desktop\New folder (3)\led blink.uvproj
Project File Date:  08/08/2020

<h2>Output:</h2>
Build target 'Target 1'
compiling led blink .c...
led blink .c(15): error:  #7: unrecognized token
led blink .c(15): error:  #169: expected a declaration
Target not created
Build target 'Target 1'
compiling led blink .c...
linking...
Program Size: Code=924 RO-data=32 RW-data=4 ZI-data=1260  
FromELF: creating hex file...
"led blink.axf" - 0 Error(s), 0 Warning(s).
